// Jest Snapshot v1, https://goo.gl/fbAQLP

exports[`Test if Navbar renders correctly 1`] = `
<nav
  className="d-flex flex-wrap justify-content-between align-items-center mx-4 mt-3"
>
  <div
    className="heading d-flex flex-wrap"
  >
    <img
      alt="logo"
      height="45"
      src="images/space-logo.png"
      width="45"
    />
    <h1
      className="mx-2"
    >
      Space Travelers' Hub
    </h1>
  </div>
  <ul
    className="d-flex align-items-center list-unstyled m-0 p-0"
  >
    <li
      className="m-0 p-0 d-flex align-items-center"
    >
      <a
        aria-current="page"
        className="px-3 text-decoration-none active-link text-decoration-underline"
        href="/"
        onClick={[Function]}
        style={Object {}}
      >
        Rockets
      </a>
    </li>
    <li
      className="m-0 p-0 d-flex align-items-center"
    >
      <a
        aria-current={null}
        className="px-3 text-decoration-none"
        href="/missions"
        onClick={[Function]}
      >
        Missions
      </a>
      <li
        className="line d-inline-block "
      />
    </li>
    <li
      className="m-0 p-0 d-flex align-items-center"
    >
      <a
        aria-current={null}
        className="px-3 text-decoration-none"
        href="/my-profile"
        onClick={[Function]}
      >
        My profile
      </a>
    </li>
  </ul>
</nav>
`;
