// Jest Snapshot v1, https://goo.gl/fbAQLP

exports[`Test if Rockets renders correctly 1`] = `
<div>
  <ul />
</div>
`;
