// Jest Snapshot v1, https://goo.gl/fbAQLP

exports[`Test if Rocket renders correctly 1`] = `
<li
  className="d-flex flex-wrap flex-lg-nowrap m-2 p-2"
>
  <div
    className="image mx-2"
  >
    <img
      alt="rocket-img"
      height="180"
      src="image link"
      width="250"
    />
  </div>
  <div
    className="text"
  >
    <h3>
      Rocket name
    </h3>
    <p>
      rocket description
    </p>
    <button
      className="btn btn-primary"
      disabled={false}
      onClick={[Function]}
      type="button"
    >
      Reserve Rocket
    </button>
  </div>
</li>
`;
